// Jest Snapshot v1, https://goo.gl/fbAQLP

exports[`ResultsList render correcto de 1 elemento 1`] = `
<div
  className="makeStyles-root-1"
>
  <ul
    className="MuiGridList-root makeStyles-gridList-2"
    style={
      Object {
        "margin": -8,
      }
    }
  >
    <a
      className="MuiGridListTile-root"
      href="#"
      onClick={[Function]}
      style={
        Object {
          "height": 196,
          "padding": 8,
          "width": "33.333333333333336%",
        }
      }
    >
      <div
        className="MuiGridListTile-tile"
      >
        <img
          alt="Test"
          src="#"
        />
        <div
          className="MuiGridListTileBar-root makeStyles-titleBar-3 MuiGridListTileBar-titlePositionBottom MuiGridListTileBar-rootSubtitle"
        >
          <div
            className="MuiGridListTileBar-titleWrap MuiGridListTileBar-titleWrapActionPosRight"
          >
            <div
              className="MuiGridListTileBar-title"
            >
              Test
            </div>
            <div
              className="MuiGridListTileBar-subtitle"
            >
              <span>
                test
              </span>
            </div>
          </div>
          <div
            className="MuiGridListTileBar-actionIcon"
          >
            <button
              className="MuiButtonBase-root MuiIconButton-root"
              disabled={false}
              onBlur={[Function]}
              onClick={undefined}
              onDragLeave={[Function]}
              onFocus={[Function]}
              onKeyDown={[Function]}
              onKeyUp={[Function]}
              onMouseDown={[Function]}
              onMouseLeave={[Function]}
              onMouseUp={[Function]}
              onTouchEnd={[Function]}
              onTouchMove={[Function]}
              onTouchStart={[Function]}
              tabIndex={0}
              type="button"
            >
              <span
                className="MuiIconButton-label"
              >
                <svg
                  aria-hidden="true"
                  className="MuiSvgIcon-root"
                  color={undefined}
                  focusable="false"
                  role="presentation"
                  viewBox="0 0 24 24"
                >
                  <path
                    d="M12 2C6.48 2 2 6.48 2 12s4.48 10 10 10 10-4.48 10-10S17.52 2 12 2zm1 15h-2v-6h2v6zm0-8h-2V7h2v2z"
                  />
                </svg>
              </span>
            </button>
          </div>
        </div>
      </div>
    </a>
  </ul>
</div>
`;

exports[`ResultsList render correcto de 2 elementos 1`] = `
<div
  className="makeStyles-root-1"
>
  <ul
    className="MuiGridList-root makeStyles-gridList-2"
    style={
      Object {
        "margin": -8,
      }
    }
  >
    <a
      className="MuiGridListTile-root"
      href="#0"
      onClick={[Function]}
      style={
        Object {
          "height": 196,
          "padding": 8,
          "width": "33.333333333333336%",
        }
      }
    >
      <div
        className="MuiGridListTile-tile"
      >
        <img
          alt="Test 0"
          src="#0"
        />
        <div
          className="MuiGridListTileBar-root makeStyles-titleBar-3 MuiGridListTileBar-titlePositionBottom MuiGridListTileBar-rootSubtitle"
        >
          <div
            className="MuiGridListTileBar-titleWrap MuiGridListTileBar-titleWrapActionPosRight"
          >
            <div
              className="MuiGridListTileBar-title"
            >
              Test 0
            </div>
            <div
              className="MuiGridListTileBar-subtitle"
            >
              <span>
                test 0
              </span>
            </div>
          </div>
          <div
            className="MuiGridListTileBar-actionIcon"
          >
            <button
              className="MuiButtonBase-root MuiIconButton-root"
              disabled={false}
              onBlur={[Function]}
              onClick={undefined}
              onDragLeave={[Function]}
              onFocus={[Function]}
              onKeyDown={[Function]}
              onKeyUp={[Function]}
              onMouseDown={[Function]}
              onMouseLeave={[Function]}
              onMouseUp={[Function]}
              onTouchEnd={[Function]}
              onTouchMove={[Function]}
              onTouchStart={[Function]}
              tabIndex={0}
              type="button"
            >
              <span
                className="MuiIconButton-label"
              >
                <svg
                  aria-hidden="true"
                  className="MuiSvgIcon-root"
                  color={undefined}
                  focusable="false"
                  role="presentation"
                  viewBox="0 0 24 24"
                >
                  <path
                    d="M12 2C6.48 2 2 6.48 2 12s4.48 10 10 10 10-4.48 10-10S17.52 2 12 2zm1 15h-2v-6h2v6zm0-8h-2V7h2v2z"
                  />
                </svg>
              </span>
              <span
                className="MuiTouchRipple-root"
              />
            </button>
          </div>
        </div>
      </div>
    </a>
    <a
      className="MuiGridListTile-root"
      href="#1"
      onClick={[Function]}
      style={
        Object {
          "height": 196,
          "padding": 8,
          "width": "33.333333333333336%",
        }
      }
    >
      <div
        className="MuiGridListTile-tile"
      >
        <img
          alt="Test 1"
          src="#1"
        />
        <div
          className="MuiGridListTileBar-root makeStyles-titleBar-3 MuiGridListTileBar-titlePositionBottom MuiGridListTileBar-rootSubtitle"
        >
          <div
            className="MuiGridListTileBar-titleWrap MuiGridListTileBar-titleWrapActionPosRight"
          >
            <div
              className="MuiGridListTileBar-title"
            >
              Test 1
            </div>
            <div
              className="MuiGridListTileBar-subtitle"
            >
              <span>
                test 1
              </span>
            </div>
          </div>
          <div
            className="MuiGridListTileBar-actionIcon"
          >
            <button
              className="MuiButtonBase-root MuiIconButton-root"
              disabled={false}
              onBlur={[Function]}
              onClick={undefined}
              onDragLeave={[Function]}
              onFocus={[Function]}
              onKeyDown={[Function]}
              onKeyUp={[Function]}
              onMouseDown={[Function]}
              onMouseLeave={[Function]}
              onMouseUp={[Function]}
              onTouchEnd={[Function]}
              onTouchMove={[Function]}
              onTouchStart={[Function]}
              tabIndex={0}
              type="button"
            >
              <span
                className="MuiIconButton-label"
              >
                <svg
                  aria-hidden="true"
                  className="MuiSvgIcon-root"
                  color={undefined}
                  focusable="false"
                  role="presentation"
                  viewBox="0 0 24 24"
                >
                  <path
                    d="M12 2C6.48 2 2 6.48 2 12s4.48 10 10 10 10-4.48 10-10S17.52 2 12 2zm1 15h-2v-6h2v6zm0-8h-2V7h2v2z"
                  />
                </svg>
              </span>
              <span
                className="MuiTouchRipple-root"
              />
            </button>
          </div>
        </div>
      </div>
    </a>
  </ul>
</div>
`;

exports[`ResultsList render correcto de 5 elementos 1`] = `
<div
  className="makeStyles-root-1"
>
  <ul
    className="MuiGridList-root makeStyles-gridList-2"
    style={
      Object {
        "margin": -8,
      }
    }
  >
    <a
      className="MuiGridListTile-root"
      href="#0"
      onClick={[Function]}
      style={
        Object {
          "height": 196,
          "padding": 8,
          "width": "33.333333333333336%",
        }
      }
    >
      <div
        className="MuiGridListTile-tile"
      >
        <img
          alt="Test 0"
          src="#0"
        />
        <div
          className="MuiGridListTileBar-root makeStyles-titleBar-3 MuiGridListTileBar-titlePositionBottom MuiGridListTileBar-rootSubtitle"
        >
          <div
            className="MuiGridListTileBar-titleWrap MuiGridListTileBar-titleWrapActionPosRight"
          >
            <div
              className="MuiGridListTileBar-title"
            >
              Test 0
            </div>
            <div
              className="MuiGridListTileBar-subtitle"
            >
              <span>
                test 0
              </span>
            </div>
          </div>
          <div
            className="MuiGridListTileBar-actionIcon"
          >
            <button
              className="MuiButtonBase-root MuiIconButton-root"
              disabled={false}
              onBlur={[Function]}
              onClick={undefined}
              onDragLeave={[Function]}
              onFocus={[Function]}
              onKeyDown={[Function]}
              onKeyUp={[Function]}
              onMouseDown={[Function]}
              onMouseLeave={[Function]}
              onMouseUp={[Function]}
              onTouchEnd={[Function]}
              onTouchMove={[Function]}
              onTouchStart={[Function]}
              tabIndex={0}
              type="button"
            >
              <span
                className="MuiIconButton-label"
              >
                <svg
                  aria-hidden="true"
                  className="MuiSvgIcon-root"
                  color={undefined}
                  focusable="false"
                  role="presentation"
                  viewBox="0 0 24 24"
                >
                  <path
                    d="M12 2C6.48 2 2 6.48 2 12s4.48 10 10 10 10-4.48 10-10S17.52 2 12 2zm1 15h-2v-6h2v6zm0-8h-2V7h2v2z"
                  />
                </svg>
              </span>
            </button>
          </div>
        </div>
      </div>
    </a>
    <a
      className="MuiGridListTile-root"
      href="#1"
      onClick={[Function]}
      style={
        Object {
          "height": 196,
          "padding": 8,
          "width": "33.333333333333336%",
        }
      }
    >
      <div
        className="MuiGridListTile-tile"
      >
        <img
          alt="Test 1"
          src="#1"
        />
        <div
          className="MuiGridListTileBar-root makeStyles-titleBar-3 MuiGridListTileBar-titlePositionBottom MuiGridListTileBar-rootSubtitle"
        >
          <div
            className="MuiGridListTileBar-titleWrap MuiGridListTileBar-titleWrapActionPosRight"
          >
            <div
              className="MuiGridListTileBar-title"
            >
              Test 1
            </div>
            <div
              className="MuiGridListTileBar-subtitle"
            >
              <span>
                test 1
              </span>
            </div>
          </div>
          <div
            className="MuiGridListTileBar-actionIcon"
          >
            <button
              className="MuiButtonBase-root MuiIconButton-root"
              disabled={false}
              onBlur={[Function]}
              onClick={undefined}
              onDragLeave={[Function]}
              onFocus={[Function]}
              onKeyDown={[Function]}
              onKeyUp={[Function]}
              onMouseDown={[Function]}
              onMouseLeave={[Function]}
              onMouseUp={[Function]}
              onTouchEnd={[Function]}
              onTouchMove={[Function]}
              onTouchStart={[Function]}
              tabIndex={0}
              type="button"
            >
              <span
                className="MuiIconButton-label"
              >
                <svg
                  aria-hidden="true"
                  className="MuiSvgIcon-root"
                  color={undefined}
                  focusable="false"
                  role="presentation"
                  viewBox="0 0 24 24"
                >
                  <path
                    d="M12 2C6.48 2 2 6.48 2 12s4.48 10 10 10 10-4.48 10-10S17.52 2 12 2zm1 15h-2v-6h2v6zm0-8h-2V7h2v2z"
                  />
                </svg>
              </span>
            </button>
          </div>
        </div>
      </div>
    </a>
    <a
      className="MuiGridListTile-root"
      href="#2"
      onClick={[Function]}
      style={
        Object {
          "height": 196,
          "padding": 8,
          "width": "33.333333333333336%",
        }
      }
    >
      <div
        className="MuiGridListTile-tile"
      >
        <img
          alt="Test 2"
          src="#2"
        />
        <div
          className="MuiGridListTileBar-root makeStyles-titleBar-3 MuiGridListTileBar-titlePositionBottom MuiGridListTileBar-rootSubtitle"
        >
          <div
            className="MuiGridListTileBar-titleWrap MuiGridListTileBar-titleWrapActionPosRight"
          >
            <div
              className="MuiGridListTileBar-title"
            >
              Test 2
            </div>
            <div
              className="MuiGridListTileBar-subtitle"
            >
              <span>
                test 2
              </span>
            </div>
          </div>
          <div
            className="MuiGridListTileBar-actionIcon"
          >
            <button
              className="MuiButtonBase-root MuiIconButton-root"
              disabled={false}
              onBlur={[Function]}
              onClick={undefined}
              onDragLeave={[Function]}
              onFocus={[Function]}
              onKeyDown={[Function]}
              onKeyUp={[Function]}
              onMouseDown={[Function]}
              onMouseLeave={[Function]}
              onMouseUp={[Function]}
              onTouchEnd={[Function]}
              onTouchMove={[Function]}
              onTouchStart={[Function]}
              tabIndex={0}
              type="button"
            >
              <span
                className="MuiIconButton-label"
              >
                <svg
                  aria-hidden="true"
                  className="MuiSvgIcon-root"
                  color={undefined}
                  focusable="false"
                  role="presentation"
                  viewBox="0 0 24 24"
                >
                  <path
                    d="M12 2C6.48 2 2 6.48 2 12s4.48 10 10 10 10-4.48 10-10S17.52 2 12 2zm1 15h-2v-6h2v6zm0-8h-2V7h2v2z"
                  />
                </svg>
              </span>
            </button>
          </div>
        </div>
      </div>
    </a>
    <a
      className="MuiGridListTile-root"
      href="#3"
      onClick={[Function]}
      style={
        Object {
          "height": 196,
          "padding": 8,
          "width": "33.333333333333336%",
        }
      }
    >
      <div
        className="MuiGridListTile-tile"
      >
        <img
          alt="Test 3"
          src="#3"
        />
        <div
          className="MuiGridListTileBar-root makeStyles-titleBar-3 MuiGridListTileBar-titlePositionBottom MuiGridListTileBar-rootSubtitle"
        >
          <div
            className="MuiGridListTileBar-titleWrap MuiGridListTileBar-titleWrapActionPosRight"
          >
            <div
              className="MuiGridListTileBar-title"
            >
              Test 3
            </div>
            <div
              className="MuiGridListTileBar-subtitle"
            >
              <span>
                test 3
              </span>
            </div>
          </div>
          <div
            className="MuiGridListTileBar-actionIcon"
          >
            <button
              className="MuiButtonBase-root MuiIconButton-root"
              disabled={false}
              onBlur={[Function]}
              onClick={undefined}
              onDragLeave={[Function]}
              onFocus={[Function]}
              onKeyDown={[Function]}
              onKeyUp={[Function]}
              onMouseDown={[Function]}
              onMouseLeave={[Function]}
              onMouseUp={[Function]}
              onTouchEnd={[Function]}
              onTouchMove={[Function]}
              onTouchStart={[Function]}
              tabIndex={0}
              type="button"
            >
              <span
                className="MuiIconButton-label"
              >
                <svg
                  aria-hidden="true"
                  className="MuiSvgIcon-root"
                  color={undefined}
                  focusable="false"
                  role="presentation"
                  viewBox="0 0 24 24"
                >
                  <path
                    d="M12 2C6.48 2 2 6.48 2 12s4.48 10 10 10 10-4.48 10-10S17.52 2 12 2zm1 15h-2v-6h2v6zm0-8h-2V7h2v2z"
                  />
                </svg>
              </span>
            </button>
          </div>
        </div>
      </div>
    </a>
    <a
      className="MuiGridListTile-root"
      href="#4"
      onClick={[Function]}
      style={
        Object {
          "height": 196,
          "padding": 8,
          "width": "33.333333333333336%",
        }
      }
    >
      <div
        className="MuiGridListTile-tile"
      >
        <img
          alt="Test 4"
          src="#4"
        />
        <div
          className="MuiGridListTileBar-root makeStyles-titleBar-3 MuiGridListTileBar-titlePositionBottom MuiGridListTileBar-rootSubtitle"
        >
          <div
            className="MuiGridListTileBar-titleWrap MuiGridListTileBar-titleWrapActionPosRight"
          >
            <div
              className="MuiGridListTileBar-title"
            >
              Test 4
            </div>
            <div
              className="MuiGridListTileBar-subtitle"
            >
              <span>
                test 4
              </span>
            </div>
          </div>
          <div
            className="MuiGridListTileBar-actionIcon"
          >
            <button
              className="MuiButtonBase-root MuiIconButton-root"
              disabled={false}
              onBlur={[Function]}
              onClick={undefined}
              onDragLeave={[Function]}
              onFocus={[Function]}
              onKeyDown={[Function]}
              onKeyUp={[Function]}
              onMouseDown={[Function]}
              onMouseLeave={[Function]}
              onMouseUp={[Function]}
              onTouchEnd={[Function]}
              onTouchMove={[Function]}
              onTouchStart={[Function]}
              tabIndex={0}
              type="button"
            >
              <span
                className="MuiIconButton-label"
              >
                <svg
                  aria-hidden="true"
                  className="MuiSvgIcon-root"
                  color={undefined}
                  focusable="false"
                  role="presentation"
                  viewBox="0 0 24 24"
                >
                  <path
                    d="M12 2C6.48 2 2 6.48 2 12s4.48 10 10 10 10-4.48 10-10S17.52 2 12 2zm1 15h-2v-6h2v6zm0-8h-2V7h2v2z"
                  />
                </svg>
              </span>
            </button>
          </div>
        </div>
      </div>
    </a>
  </ul>
</div>
`;

exports[`ResultsList render correcto de 8 elementos 1`] = `
<div
  className="makeStyles-root-1"
>
  <ul
    className="MuiGridList-root makeStyles-gridList-2"
    style={
      Object {
        "margin": -8,
      }
    }
  >
    <a
      className="MuiGridListTile-root"
      href="#0"
      onClick={[Function]}
      style={
        Object {
          "height": 196,
          "padding": 8,
          "width": "33.333333333333336%",
        }
      }
    >
      <div
        className="MuiGridListTile-tile"
      >
        <img
          alt="Test 0"
          src="#0"
        />
        <div
          className="MuiGridListTileBar-root makeStyles-titleBar-3 MuiGridListTileBar-titlePositionBottom MuiGridListTileBar-rootSubtitle"
        >
          <div
            className="MuiGridListTileBar-titleWrap MuiGridListTileBar-titleWrapActionPosRight"
          >
            <div
              className="MuiGridListTileBar-title"
            >
              Test 0
            </div>
            <div
              className="MuiGridListTileBar-subtitle"
            >
              <span>
                test 0
              </span>
            </div>
          </div>
          <div
            className="MuiGridListTileBar-actionIcon"
          >
            <button
              className="MuiButtonBase-root MuiIconButton-root"
              disabled={false}
              onBlur={[Function]}
              onClick={undefined}
              onDragLeave={[Function]}
              onFocus={[Function]}
              onKeyDown={[Function]}
              onKeyUp={[Function]}
              onMouseDown={[Function]}
              onMouseLeave={[Function]}
              onMouseUp={[Function]}
              onTouchEnd={[Function]}
              onTouchMove={[Function]}
              onTouchStart={[Function]}
              tabIndex={0}
              type="button"
            >
              <span
                className="MuiIconButton-label"
              >
                <svg
                  aria-hidden="true"
                  className="MuiSvgIcon-root"
                  color={undefined}
                  focusable="false"
                  role="presentation"
                  viewBox="0 0 24 24"
                >
                  <path
                    d="M12 2C6.48 2 2 6.48 2 12s4.48 10 10 10 10-4.48 10-10S17.52 2 12 2zm1 15h-2v-6h2v6zm0-8h-2V7h2v2z"
                  />
                </svg>
              </span>
              <span
                className="MuiTouchRipple-root"
              />
            </button>
          </div>
        </div>
      </div>
    </a>
    <a
      className="MuiGridListTile-root"
      href="#1"
      onClick={[Function]}
      style={
        Object {
          "height": 196,
          "padding": 8,
          "width": "33.333333333333336%",
        }
      }
    >
      <div
        className="MuiGridListTile-tile"
      >
        <img
          alt="Test 1"
          src="#1"
        />
        <div
          className="MuiGridListTileBar-root makeStyles-titleBar-3 MuiGridListTileBar-titlePositionBottom MuiGridListTileBar-rootSubtitle"
        >
          <div
            className="MuiGridListTileBar-titleWrap MuiGridListTileBar-titleWrapActionPosRight"
          >
            <div
              className="MuiGridListTileBar-title"
            >
              Test 1
            </div>
            <div
              className="MuiGridListTileBar-subtitle"
            >
              <span>
                test 1
              </span>
            </div>
          </div>
          <div
            className="MuiGridListTileBar-actionIcon"
          >
            <button
              className="MuiButtonBase-root MuiIconButton-root"
              disabled={false}
              onBlur={[Function]}
              onClick={undefined}
              onDragLeave={[Function]}
              onFocus={[Function]}
              onKeyDown={[Function]}
              onKeyUp={[Function]}
              onMouseDown={[Function]}
              onMouseLeave={[Function]}
              onMouseUp={[Function]}
              onTouchEnd={[Function]}
              onTouchMove={[Function]}
              onTouchStart={[Function]}
              tabIndex={0}
              type="button"
            >
              <span
                className="MuiIconButton-label"
              >
                <svg
                  aria-hidden="true"
                  className="MuiSvgIcon-root"
                  color={undefined}
                  focusable="false"
                  role="presentation"
                  viewBox="0 0 24 24"
                >
                  <path
                    d="M12 2C6.48 2 2 6.48 2 12s4.48 10 10 10 10-4.48 10-10S17.52 2 12 2zm1 15h-2v-6h2v6zm0-8h-2V7h2v2z"
                  />
                </svg>
              </span>
              <span
                className="MuiTouchRipple-root"
              />
            </button>
          </div>
        </div>
      </div>
    </a>
    <a
      className="MuiGridListTile-root"
      href="#2"
      onClick={[Function]}
      style={
        Object {
          "height": 196,
          "padding": 8,
          "width": "33.333333333333336%",
        }
      }
    >
      <div
        className="MuiGridListTile-tile"
      >
        <img
          alt="Test 2"
          src="#2"
        />
        <div
          className="MuiGridListTileBar-root makeStyles-titleBar-3 MuiGridListTileBar-titlePositionBottom MuiGridListTileBar-rootSubtitle"
        >
          <div
            className="MuiGridListTileBar-titleWrap MuiGridListTileBar-titleWrapActionPosRight"
          >
            <div
              className="MuiGridListTileBar-title"
            >
              Test 2
            </div>
            <div
              className="MuiGridListTileBar-subtitle"
            >
              <span>
                test 2
              </span>
            </div>
          </div>
          <div
            className="MuiGridListTileBar-actionIcon"
          >
            <button
              className="MuiButtonBase-root MuiIconButton-root"
              disabled={false}
              onBlur={[Function]}
              onClick={undefined}
              onDragLeave={[Function]}
              onFocus={[Function]}
              onKeyDown={[Function]}
              onKeyUp={[Function]}
              onMouseDown={[Function]}
              onMouseLeave={[Function]}
              onMouseUp={[Function]}
              onTouchEnd={[Function]}
              onTouchMove={[Function]}
              onTouchStart={[Function]}
              tabIndex={0}
              type="button"
            >
              <span
                className="MuiIconButton-label"
              >
                <svg
                  aria-hidden="true"
                  className="MuiSvgIcon-root"
                  color={undefined}
                  focusable="false"
                  role="presentation"
                  viewBox="0 0 24 24"
                >
                  <path
                    d="M12 2C6.48 2 2 6.48 2 12s4.48 10 10 10 10-4.48 10-10S17.52 2 12 2zm1 15h-2v-6h2v6zm0-8h-2V7h2v2z"
                  />
                </svg>
              </span>
              <span
                className="MuiTouchRipple-root"
              />
            </button>
          </div>
        </div>
      </div>
    </a>
    <a
      className="MuiGridListTile-root"
      href="#3"
      onClick={[Function]}
      style={
        Object {
          "height": 196,
          "padding": 8,
          "width": "33.333333333333336%",
        }
      }
    >
      <div
        className="MuiGridListTile-tile"
      >
        <img
          alt="Test 3"
          src="#3"
        />
        <div
          className="MuiGridListTileBar-root makeStyles-titleBar-3 MuiGridListTileBar-titlePositionBottom MuiGridListTileBar-rootSubtitle"
        >
          <div
            className="MuiGridListTileBar-titleWrap MuiGridListTileBar-titleWrapActionPosRight"
          >
            <div
              className="MuiGridListTileBar-title"
            >
              Test 3
            </div>
            <div
              className="MuiGridListTileBar-subtitle"
            >
              <span>
                test 3
              </span>
            </div>
          </div>
          <div
            className="MuiGridListTileBar-actionIcon"
          >
            <button
              className="MuiButtonBase-root MuiIconButton-root"
              disabled={false}
              onBlur={[Function]}
              onClick={undefined}
              onDragLeave={[Function]}
              onFocus={[Function]}
              onKeyDown={[Function]}
              onKeyUp={[Function]}
              onMouseDown={[Function]}
              onMouseLeave={[Function]}
              onMouseUp={[Function]}
              onTouchEnd={[Function]}
              onTouchMove={[Function]}
              onTouchStart={[Function]}
              tabIndex={0}
              type="button"
            >
              <span
                className="MuiIconButton-label"
              >
                <svg
                  aria-hidden="true"
                  className="MuiSvgIcon-root"
                  color={undefined}
                  focusable="false"
                  role="presentation"
                  viewBox="0 0 24 24"
                >
                  <path
                    d="M12 2C6.48 2 2 6.48 2 12s4.48 10 10 10 10-4.48 10-10S17.52 2 12 2zm1 15h-2v-6h2v6zm0-8h-2V7h2v2z"
                  />
                </svg>
              </span>
              <span
                className="MuiTouchRipple-root"
              />
            </button>
          </div>
        </div>
      </div>
    </a>
    <a
      className="MuiGridListTile-root"
      href="#4"
      onClick={[Function]}
      style={
        Object {
          "height": 196,
          "padding": 8,
          "width": "33.333333333333336%",
        }
      }
    >
      <div
        className="MuiGridListTile-tile"
      >
        <img
          alt="Test 4"
          src="#4"
        />
        <div
          className="MuiGridListTileBar-root makeStyles-titleBar-3 MuiGridListTileBar-titlePositionBottom MuiGridListTileBar-rootSubtitle"
        >
          <div
            className="MuiGridListTileBar-titleWrap MuiGridListTileBar-titleWrapActionPosRight"
          >
            <div
              className="MuiGridListTileBar-title"
            >
              Test 4
            </div>
            <div
              className="MuiGridListTileBar-subtitle"
            >
              <span>
                test 4
              </span>
            </div>
          </div>
          <div
            className="MuiGridListTileBar-actionIcon"
          >
            <button
              className="MuiButtonBase-root MuiIconButton-root"
              disabled={false}
              onBlur={[Function]}
              onClick={undefined}
              onDragLeave={[Function]}
              onFocus={[Function]}
              onKeyDown={[Function]}
              onKeyUp={[Function]}
              onMouseDown={[Function]}
              onMouseLeave={[Function]}
              onMouseUp={[Function]}
              onTouchEnd={[Function]}
              onTouchMove={[Function]}
              onTouchStart={[Function]}
              tabIndex={0}
              type="button"
            >
              <span
                className="MuiIconButton-label"
              >
                <svg
                  aria-hidden="true"
                  className="MuiSvgIcon-root"
                  color={undefined}
                  focusable="false"
                  role="presentation"
                  viewBox="0 0 24 24"
                >
                  <path
                    d="M12 2C6.48 2 2 6.48 2 12s4.48 10 10 10 10-4.48 10-10S17.52 2 12 2zm1 15h-2v-6h2v6zm0-8h-2V7h2v2z"
                  />
                </svg>
              </span>
              <span
                className="MuiTouchRipple-root"
              />
            </button>
          </div>
        </div>
      </div>
    </a>
    <a
      className="MuiGridListTile-root"
      href="#5"
      onClick={[Function]}
      style={
        Object {
          "height": 196,
          "padding": 8,
          "width": "33.333333333333336%",
        }
      }
    >
      <div
        className="MuiGridListTile-tile"
      >
        <img
          alt="Test 5"
          src="#5"
        />
        <div
          className="MuiGridListTileBar-root makeStyles-titleBar-3 MuiGridListTileBar-titlePositionBottom MuiGridListTileBar-rootSubtitle"
        >
          <div
            className="MuiGridListTileBar-titleWrap MuiGridListTileBar-titleWrapActionPosRight"
          >
            <div
              className="MuiGridListTileBar-title"
            >
              Test 5
            </div>
            <div
              className="MuiGridListTileBar-subtitle"
            >
              <span>
                test 5
              </span>
            </div>
          </div>
          <div
            className="MuiGridListTileBar-actionIcon"
          >
            <button
              className="MuiButtonBase-root MuiIconButton-root"
              disabled={false}
              onBlur={[Function]}
              onClick={undefined}
              onDragLeave={[Function]}
              onFocus={[Function]}
              onKeyDown={[Function]}
              onKeyUp={[Function]}
              onMouseDown={[Function]}
              onMouseLeave={[Function]}
              onMouseUp={[Function]}
              onTouchEnd={[Function]}
              onTouchMove={[Function]}
              onTouchStart={[Function]}
              tabIndex={0}
              type="button"
            >
              <span
                className="MuiIconButton-label"
              >
                <svg
                  aria-hidden="true"
                  className="MuiSvgIcon-root"
                  color={undefined}
                  focusable="false"
                  role="presentation"
                  viewBox="0 0 24 24"
                >
                  <path
                    d="M12 2C6.48 2 2 6.48 2 12s4.48 10 10 10 10-4.48 10-10S17.52 2 12 2zm1 15h-2v-6h2v6zm0-8h-2V7h2v2z"
                  />
                </svg>
              </span>
              <span
                className="MuiTouchRipple-root"
              />
            </button>
          </div>
        </div>
      </div>
    </a>
    <a
      className="MuiGridListTile-root"
      href="#6"
      onClick={[Function]}
      style={
        Object {
          "height": 196,
          "padding": 8,
          "width": "33.333333333333336%",
        }
      }
    >
      <div
        className="MuiGridListTile-tile"
      >
        <img
          alt="Test 6"
          src="#6"
        />
        <div
          className="MuiGridListTileBar-root makeStyles-titleBar-3 MuiGridListTileBar-titlePositionBottom MuiGridListTileBar-rootSubtitle"
        >
          <div
            className="MuiGridListTileBar-titleWrap MuiGridListTileBar-titleWrapActionPosRight"
          >
            <div
              className="MuiGridListTileBar-title"
            >
              Test 6
            </div>
            <div
              className="MuiGridListTileBar-subtitle"
            >
              <span>
                test 6
              </span>
            </div>
          </div>
          <div
            className="MuiGridListTileBar-actionIcon"
          >
            <button
              className="MuiButtonBase-root MuiIconButton-root"
              disabled={false}
              onBlur={[Function]}
              onClick={undefined}
              onDragLeave={[Function]}
              onFocus={[Function]}
              onKeyDown={[Function]}
              onKeyUp={[Function]}
              onMouseDown={[Function]}
              onMouseLeave={[Function]}
              onMouseUp={[Function]}
              onTouchEnd={[Function]}
              onTouchMove={[Function]}
              onTouchStart={[Function]}
              tabIndex={0}
              type="button"
            >
              <span
                className="MuiIconButton-label"
              >
                <svg
                  aria-hidden="true"
                  className="MuiSvgIcon-root"
                  color={undefined}
                  focusable="false"
                  role="presentation"
                  viewBox="0 0 24 24"
                >
                  <path
                    d="M12 2C6.48 2 2 6.48 2 12s4.48 10 10 10 10-4.48 10-10S17.52 2 12 2zm1 15h-2v-6h2v6zm0-8h-2V7h2v2z"
                  />
                </svg>
              </span>
              <span
                className="MuiTouchRipple-root"
              />
            </button>
          </div>
        </div>
      </div>
    </a>
    <a
      className="MuiGridListTile-root"
      href="#7"
      onClick={[Function]}
      style={
        Object {
          "height": 196,
          "padding": 8,
          "width": "33.333333333333336%",
        }
      }
    >
      <div
        className="MuiGridListTile-tile"
      >
        <img
          alt="Test 7"
          src="#7"
        />
        <div
          className="MuiGridListTileBar-root makeStyles-titleBar-3 MuiGridListTileBar-titlePositionBottom MuiGridListTileBar-rootSubtitle"
        >
          <div
            className="MuiGridListTileBar-titleWrap MuiGridListTileBar-titleWrapActionPosRight"
          >
            <div
              className="MuiGridListTileBar-title"
            >
              Test 7
            </div>
            <div
              className="MuiGridListTileBar-subtitle"
            >
              <span>
                test 7
              </span>
            </div>
          </div>
          <div
            className="MuiGridListTileBar-actionIcon"
          >
            <button
              className="MuiButtonBase-root MuiIconButton-root"
              disabled={false}
              onBlur={[Function]}
              onClick={undefined}
              onDragLeave={[Function]}
              onFocus={[Function]}
              onKeyDown={[Function]}
              onKeyUp={[Function]}
              onMouseDown={[Function]}
              onMouseLeave={[Function]}
              onMouseUp={[Function]}
              onTouchEnd={[Function]}
              onTouchMove={[Function]}
              onTouchStart={[Function]}
              tabIndex={0}
              type="button"
            >
              <span
                className="MuiIconButton-label"
              >
                <svg
                  aria-hidden="true"
                  className="MuiSvgIcon-root"
                  color={undefined}
                  focusable="false"
                  role="presentation"
                  viewBox="0 0 24 24"
                >
                  <path
                    d="M12 2C6.48 2 2 6.48 2 12s4.48 10 10 10 10-4.48 10-10S17.52 2 12 2zm1 15h-2v-6h2v6zm0-8h-2V7h2v2z"
                  />
                </svg>
              </span>
              <span
                className="MuiTouchRipple-root"
              />
            </button>
          </div>
        </div>
      </div>
    </a>
  </ul>
</div>
`;
